Date range: 20260214 – 20260416  (62 days)
Found 246 IODA files
  Loading insitu_salt_profile_argo.nc
  Loading insitu_salt_profile_argo.nc
  Loading insitu_salt_profile_argo.nc
  Loading insitu_salt_profile_argo.nc
  Loading insitu_salt_profile_argo.nc
  Loading insitu_salt_profile_argo.nc
  Loading insitu_salt_profile_argo.nc
  Loading insitu_salt_profile_argo.nc
  Loading insitu_salt_profile_argo.nc
  Loading insitu_salt_profile_argo.nc
  Loading insitu_salt_profile_argo.nc
  Loading insitu_salt_profile_argo.nc
  Loading insitu_salt_profile_argo.nc
  Loading insitu_salt_profile_argo.nc
  Loading insitu_salt_profile_argo.nc
  Loading insitu_salt_profile_argo.nc
  Loading insitu_salt_profile_argo.nc
  Loading insitu_salt_profile_argo.nc
  Loading insitu_salt_profile_argo.nc
  Loading insitu_salt_profile_argo.nc
  Loading insitu_salt_profile_argo.nc
  Loading insitu_salt_profile_argo.nc
  Loading insitu_salt_profile_argo.nc
  Loading insitu_salt_profile_argo.nc
  Loading insitu_salt_profile_argo.nc
  Loading insitu_salt_profile_argo.nc
  Loading insitu_salt_profile_argo.nc
  Loading insitu_salt_profile_argo.nc
  Loading insitu_salt_profile_argo.nc
  Loading insitu_salt_profile_argo.nc
  Loading insitu_salt_profile_argo.nc
  Loading insitu_salt_profile_argo.nc
  Loading insitu_salt_profile_argo.nc
  Loading insitu_salt_profile_argo.nc
  Loading insitu_salt_profile_argo.nc
  Loading insitu_salt_profile_argo.nc
  Loading insitu_salt_profile_argo.nc
  Loading insitu_salt_profile_argo.nc
  Loading insitu_salt_profile_argo.nc
  Loading insitu_salt_profile_argo.nc
  Loading insitu_salt_profile_argo.nc
  Loading insitu_salt_profile_argo.nc
  Loading insitu_salt_profile_argo.nc
  Loading insitu_salt_profile_argo.nc
  Loading insitu_salt_profile_argo.nc
  Loading insitu_salt_profile_argo.nc
  Loading insitu_salt_profile_argo.nc
  Loading insitu_salt_profile_argo.nc
  Loading insitu_salt_profile_argo.nc
  Loading insitu_salt_profile_argo.nc
  Loading insitu_salt_profile_argo.nc
  Loading insitu_salt_profile_argo.nc
  Loading insitu_salt_profile_argo.nc
  Loading insitu_salt_profile_argo.nc
  Loading insitu_salt_profile_argo.nc
  Loading insitu_salt_profile_argo.nc
  Loading insitu_salt_profile_argo.nc
  Loading insitu_salt_profile_argo.nc
  Loading insitu_salt_profile_argo.nc
  Loading insitu_salt_profile_argo.nc
  Loading insitu_salt_profile_argo.nc
  Loading insitu_salt_profile_argo.nc
  Loading insitu_salt_profile_argo.nc
  Loading insitu_salt_profile_argo.nc
  Loading insitu_salt_profile_argo.nc
  Loading insitu_salt_profile_argo.nc
  Loading insitu_salt_profile_argo.nc
  Loading insitu_salt_profile_argo.nc
  Loading insitu_salt_profile_argo.nc
  Loading insitu_salt_profile_argo.nc
  Loading insitu_salt_profile_argo.nc
  Loading insitu_salt_profile_argo.nc
  Loading insitu_salt_profile_argo.nc
  Loading insitu_salt_profile_argo.nc
  Loading insitu_salt_profile_argo.nc
  Loading insitu_salt_profile_argo.nc
  Loading insitu_salt_profile_argo.nc
  Loading insitu_salt_profile_argo.nc
  Loading insitu_salt_profile_argo.nc
  Loading insitu_salt_profile_argo.nc
  Loading insitu_salt_profile_argo.nc
  Loading insitu_salt_profile_argo.nc
  Loading insitu_salt_profile_argo.nc
  Loading insitu_salt_profile_argo.nc
  Loading insitu_salt_profile_argo.nc
  Loading insitu_salt_profile_argo.nc
  Loading insitu_salt_profile_argo.nc
  Loading insitu_salt_profile_argo.nc
  Loading insitu_salt_profile_argo.nc
  Loading insitu_salt_profile_argo.nc
  Loading insitu_salt_profile_argo.nc
  Loading insitu_salt_profile_argo.nc
  Loading insitu_salt_profile_argo.nc
  Loading insitu_salt_profile_argo.nc
  Loading insitu_salt_profile_argo.nc
  Loading insitu_salt_profile_argo.nc
  Loading insitu_salt_profile_argo.nc
  Loading insitu_salt_profile_argo.nc
  Loading insitu_salt_profile_argo.nc
  Loading insitu_salt_profile_argo.nc
  Loading insitu_salt_profile_argo.nc
  Loading insitu_salt_profile_argo.nc
  Loading insitu_salt_profile_argo.nc
  Loading insitu_salt_profile_argo.nc
  Loading insitu_salt_profile_argo.nc
  Loading insitu_salt_profile_argo.nc
  Loading insitu_salt_profile_argo.nc
  Loading insitu_salt_profile_argo.nc
  Loading insitu_salt_profile_argo.nc
  Loading insitu_salt_profile_argo.nc
  Loading insitu_salt_profile_argo.nc
  Loading insitu_salt_profile_argo.nc
  Loading insitu_salt_profile_argo.nc
  Loading insitu_salt_profile_argo.nc
  Loading insitu_salt_profile_argo.nc
  Loading insitu_salt_profile_argo.nc
  Loading insitu_salt_profile_argo.nc
  Loading insitu_salt_profile_argo.nc
  Loading insitu_salt_profile_argo.nc
  Loading insitu_salt_profile_argo.nc
  Loading insitu_salt_profile_argo.nc
  Loading insitu_salt_profile_argo.nc
  Loading insitu_salt_profile_argo.nc
  Loading insitu_salt_profile_argo.nc
  Loading insitu_salt_profile_argo.nc
  Loading insitu_salt_profile_argo.nc
  Loading insitu_salt_profile_argo.nc
  Loading insitu_salt_profile_argo.nc
  Loading insitu_salt_profile_argo.nc
  Loading insitu_salt_profile_argo.nc
  Loading insitu_salt_profile_argo.nc
  Loading insitu_salt_profile_argo.nc
  Loading insitu_salt_profile_argo.nc
  Loading insitu_salt_profile_argo.nc
  Loading insitu_salt_profile_argo.nc
  Loading insitu_salt_profile_argo.nc
  Loading insitu_salt_profile_argo.nc
  Loading insitu_salt_profile_argo.nc
  Loading insitu_salt_profile_argo.nc
  Loading insitu_salt_profile_argo.nc
  Loading insitu_salt_profile_argo.nc
  Loading insitu_salt_profile_argo.nc
  Loading insitu_salt_profile_argo.nc
  Loading insitu_salt_profile_argo.nc
  Loading insitu_salt_profile_argo.nc
  Loading insitu_salt_profile_argo.nc
  Loading insitu_salt_profile_argo.nc
  Loading insitu_salt_profile_argo.nc
  Loading insitu_salt_profile_argo.nc
  Loading insitu_salt_profile_argo.nc
  Loading insitu_salt_profile_argo.nc
  Loading insitu_salt_profile_argo.nc
  Loading insitu_salt_profile_argo.nc
  Loading insitu_salt_profile_argo.nc
  Loading insitu_salt_profile_argo.nc
  Loading insitu_salt_profile_argo.nc
  Loading insitu_salt_profile_argo.nc
  Loading insitu_salt_profile_argo.nc
  Loading insitu_salt_profile_argo.nc
  Loading insitu_salt_profile_argo.nc
  Loading insitu_salt_profile_argo.nc
  Loading insitu_salt_profile_argo.nc
  Loading insitu_salt_profile_argo.nc
  Loading insitu_salt_profile_argo.nc
  Loading insitu_salt_profile_argo.nc
  Loading insitu_salt_profile_argo.nc
  Loading insitu_salt_profile_argo.nc
  Loading insitu_salt_profile_argo.nc
  Loading insitu_salt_profile_argo.nc
  Loading insitu_salt_profile_argo.nc
  Loading insitu_salt_profile_argo.nc
  Loading insitu_salt_profile_argo.nc
  Loading insitu_salt_profile_argo.nc
  Loading insitu_salt_profile_argo.nc
  Loading insitu_salt_profile_argo.nc
  Loading insitu_salt_profile_argo.nc
  Loading insitu_salt_profile_argo.nc
  Loading insitu_salt_profile_argo.nc
  Loading insitu_salt_profile_argo.nc
  Loading insitu_salt_profile_argo.nc
  Loading insitu_salt_profile_argo.nc
  Loading insitu_salt_profile_argo.nc
  Loading insitu_salt_profile_argo.nc
  Loading insitu_salt_profile_argo.nc
  Loading insitu_salt_profile_argo.nc
  Loading insitu_salt_profile_argo.nc
  Loading insitu_salt_profile_argo.nc
  Loading insitu_salt_profile_argo.nc
  Loading insitu_salt_profile_argo.nc
  Loading insitu_salt_profile_argo.nc
  Loading insitu_salt_profile_argo.nc
  Loading insitu_salt_profile_argo.nc
  Loading insitu_salt_profile_argo.nc
  Loading insitu_salt_profile_argo.nc
  Loading insitu_salt_profile_argo.nc
  Loading insitu_salt_profile_argo.nc
  Loading insitu_salt_profile_argo.nc
  Loading insitu_salt_profile_argo.nc
  Loading insitu_salt_profile_argo.nc
  Loading insitu_salt_profile_argo.nc
  Loading insitu_salt_profile_argo.nc
  Loading insitu_salt_profile_argo.nc
  Loading insitu_salt_profile_argo.nc
  Loading insitu_salt_profile_argo.nc
  Loading insitu_salt_profile_argo.nc
  Loading insitu_salt_profile_argo.nc
  Loading insitu_salt_profile_argo.nc
  Loading insitu_salt_profile_argo.nc
  Loading insitu_salt_profile_argo.nc
  Loading insitu_salt_profile_argo.nc
  Loading insitu_salt_profile_argo.nc
  Loading insitu_salt_profile_argo.nc
  Loading insitu_salt_profile_argo.nc
  Loading insitu_salt_profile_argo.nc
  Loading insitu_salt_profile_argo.nc
  Loading insitu_salt_profile_argo.nc
  Loading insitu_salt_profile_argo.nc
  Loading insitu_salt_profile_argo.nc
  Loading insitu_salt_profile_argo.nc
  Loading insitu_salt_profile_argo.nc
  Loading insitu_salt_profile_argo.nc
  Loading insitu_salt_profile_argo.nc
  Loading insitu_salt_profile_argo.nc
  Loading insitu_salt_profile_argo.nc
  Loading insitu_salt_profile_argo.nc
  Loading insitu_salt_profile_argo.nc
  Loading insitu_salt_profile_argo.nc
  Loading insitu_salt_profile_argo.nc
  Loading insitu_salt_profile_argo.nc
  Loading insitu_salt_profile_argo.nc
  Loading insitu_salt_profile_argo.nc
  Loading insitu_salt_profile_argo.nc
  Loading insitu_salt_profile_argo.nc
  Loading insitu_salt_profile_argo.nc
  Loading insitu_salt_profile_argo.nc
  Loading insitu_salt_profile_argo.nc
  Loading insitu_salt_profile_argo.nc
  Loading insitu_salt_profile_argo.nc
  Loading insitu_salt_profile_argo.nc
  Loading insitu_salt_profile_argo.nc
  Loading insitu_salt_profile_argo.nc
  Loading insitu_salt_profile_argo.nc
  Loading insitu_salt_profile_argo.nc
  Loading insitu_salt_profile_argo.nc
  Loading insitu_salt_profile_argo.nc
  Loading insitu_salt_profile_argo.nc

Total observations: 95,153,665
Depth range: 0.0 – 6000.0 m

  Global: 95,153,665 observations
  Saved cp4_argo_salt/global/argo_salt_ombg_density_20260214_20260416.png
  Saved cp4_argo_salt/global/argo_salt_profile_20260214_20260416.png
  Saved cp4_argo_salt/global/argo_salt_oman_density_20260214_20260416.png

  Atlantic: 28,782,453 observations
  Saved cp4_argo_salt/atlantic/argo_salt_ombg_density_20260214_20260416.png
  Saved cp4_argo_salt/atlantic/argo_salt_profile_20260214_20260416.png
  Saved cp4_argo_salt/atlantic/argo_salt_oman_density_20260214_20260416.png

  Pacific: 37,278,153 observations
  Saved cp4_argo_salt/pacific/argo_salt_ombg_density_20260214_20260416.png
  Saved cp4_argo_salt/pacific/argo_salt_profile_20260214_20260416.png
  Saved cp4_argo_salt/pacific/argo_salt_oman_density_20260214_20260416.png

  Indian: 9,147,571 observations
  Saved cp4_argo_salt/indian/argo_salt_ombg_density_20260214_20260416.png
  Saved cp4_argo_salt/indian/argo_salt_profile_20260214_20260416.png
  Saved cp4_argo_salt/indian/argo_salt_oman_density_20260214_20260416.png

  Arctic: 91,279 observations
  Saved cp4_argo_salt/arctic/argo_salt_ombg_density_20260214_20260416.png
  Saved cp4_argo_salt/arctic/argo_salt_profile_20260214_20260416.png
  Saved cp4_argo_salt/arctic/argo_salt_oman_density_20260214_20260416.png

  Southern: 19,755,509 observations
  Saved cp4_argo_salt/southern/argo_salt_ombg_density_20260214_20260416.png
  Saved cp4_argo_salt/southern/argo_salt_profile_20260214_20260416.png
  Saved cp4_argo_salt/southern/argo_salt_oman_density_20260214_20260416.png
  Saved cp4_argo_salt/global/argo_salt_ombg_map_mean_0_10_20260214_20260416.png
  Saved cp4_argo_salt/global/argo_salt_ombg_map_rmse_0_10_20260214_20260416.png
  Saved cp4_argo_salt/global/argo_salt_oman_map_mean_0_10_20260214_20260416.png
  Saved cp4_argo_salt/global/argo_salt_oman_map_rmse_0_10_20260214_20260416.png
  Saved cp4_argo_salt/global/argo_salt_ombg_map_mean_0_300_20260214_20260416.png
  Saved cp4_argo_salt/global/argo_salt_ombg_map_rmse_0_300_20260214_20260416.png
  Saved cp4_argo_salt/global/argo_salt_oman_map_mean_0_300_20260214_20260416.png
  Saved cp4_argo_salt/global/argo_salt_oman_map_rmse_0_300_20260214_20260416.png
  Saved cp4_argo_salt/global/argo_salt_ombg_map_mean_300_2000_20260214_20260416.png
  Saved cp4_argo_salt/global/argo_salt_ombg_map_rmse_300_2000_20260214_20260416.png
  Saved cp4_argo_salt/global/argo_salt_oman_map_mean_300_2000_20260214_20260416.png
  Saved cp4_argo_salt/global/argo_salt_oman_map_rmse_300_2000_20260214_20260416.png

Done.
Date range: 20260214 – 20260416  (62 days)
Found 246 IODA files
  Loading insitu_temp_profile_argo.nc
  Loading insitu_temp_profile_argo.nc
  Loading insitu_temp_profile_argo.nc
  Loading insitu_temp_profile_argo.nc
  Loading insitu_temp_profile_argo.nc
  Loading insitu_temp_profile_argo.nc
  Loading insitu_temp_profile_argo.nc
  Loading insitu_temp_profile_argo.nc
  Loading insitu_temp_profile_argo.nc
  Loading insitu_temp_profile_argo.nc
  Loading insitu_temp_profile_argo.nc
  Loading insitu_temp_profile_argo.nc
  Loading insitu_temp_profile_argo.nc
  Loading insitu_temp_profile_argo.nc
  Loading insitu_temp_profile_argo.nc
  Loading insitu_temp_profile_argo.nc
  Loading insitu_temp_profile_argo.nc
  Loading insitu_temp_profile_argo.nc
  Loading insitu_temp_profile_argo.nc
  Loading insitu_temp_profile_argo.nc
  Loading insitu_temp_profile_argo.nc
  Loading insitu_temp_profile_argo.nc
  Loading insitu_temp_profile_argo.nc
  Loading insitu_temp_profile_argo.nc
  Loading insitu_temp_profile_argo.nc
  Loading insitu_temp_profile_argo.nc
  Loading insitu_temp_profile_argo.nc
  Loading insitu_temp_profile_argo.nc
  Loading insitu_temp_profile_argo.nc
  Loading insitu_temp_profile_argo.nc
  Loading insitu_temp_profile_argo.nc
  Loading insitu_temp_profile_argo.nc
  Loading insitu_temp_profile_argo.nc
  Loading insitu_temp_profile_argo.nc
  Loading insitu_temp_profile_argo.nc
  Loading insitu_temp_profile_argo.nc
  Loading insitu_temp_profile_argo.nc
  Loading insitu_temp_profile_argo.nc
  Loading insitu_temp_profile_argo.nc
  Loading insitu_temp_profile_argo.nc
  Loading insitu_temp_profile_argo.nc
  Loading insitu_temp_profile_argo.nc
  Loading insitu_temp_profile_argo.nc
  Loading insitu_temp_profile_argo.nc
  Loading insitu_temp_profile_argo.nc
  Loading insitu_temp_profile_argo.nc
  Loading insitu_temp_profile_argo.nc
  Loading insitu_temp_profile_argo.nc
  Loading insitu_temp_profile_argo.nc
  Loading insitu_temp_profile_argo.nc
  Loading insitu_temp_profile_argo.nc
  Loading insitu_temp_profile_argo.nc
  Loading insitu_temp_profile_argo.nc
  Loading insitu_temp_profile_argo.nc
  Loading insitu_temp_profile_argo.nc
  Loading insitu_temp_profile_argo.nc
  Loading insitu_temp_profile_argo.nc
  Loading insitu_temp_profile_argo.nc
  Loading insitu_temp_profile_argo.nc
  Loading insitu_temp_profile_argo.nc
  Loading insitu_temp_profile_argo.nc
  Loading insitu_temp_profile_argo.nc
  Loading insitu_temp_profile_argo.nc
  Loading insitu_temp_profile_argo.nc
  Loading insitu_temp_profile_argo.nc
  Loading insitu_temp_profile_argo.nc
  Loading insitu_temp_profile_argo.nc
  Loading insitu_temp_profile_argo.nc
  Loading insitu_temp_profile_argo.nc
  Loading insitu_temp_profile_argo.nc
  Loading insitu_temp_profile_argo.nc
  Loading insitu_temp_profile_argo.nc
  Loading insitu_temp_profile_argo.nc
  Loading insitu_temp_profile_argo.nc
  Loading insitu_temp_profile_argo.nc
  Loading insitu_temp_profile_argo.nc
  Loading insitu_temp_profile_argo.nc
  Loading insitu_temp_profile_argo.nc
  Loading insitu_temp_profile_argo.nc
  Loading insitu_temp_profile_argo.nc
  Loading insitu_temp_profile_argo.nc
  Loading insitu_temp_profile_argo.nc
  Loading insitu_temp_profile_argo.nc
  Loading insitu_temp_profile_argo.nc
  Loading insitu_temp_profile_argo.nc
  Loading insitu_temp_profile_argo.nc
  Loading insitu_temp_profile_argo.nc
  Loading insitu_temp_profile_argo.nc
  Loading insitu_temp_profile_argo.nc
  Loading insitu_temp_profile_argo.nc
  Loading insitu_temp_profile_argo.nc
  Loading insitu_temp_profile_argo.nc
  Loading insitu_temp_profile_argo.nc
  Loading insitu_temp_profile_argo.nc
  Loading insitu_temp_profile_argo.nc
  Loading insitu_temp_profile_argo.nc
  Loading insitu_temp_profile_argo.nc
  Loading insitu_temp_profile_argo.nc
  Loading insitu_temp_profile_argo.nc
  Loading insitu_temp_profile_argo.nc
  Loading insitu_temp_profile_argo.nc
  Loading insitu_temp_profile_argo.nc
  Loading insitu_temp_profile_argo.nc
  Loading insitu_temp_profile_argo.nc
  Loading insitu_temp_profile_argo.nc
  Loading insitu_temp_profile_argo.nc
  Loading insitu_temp_profile_argo.nc
  Loading insitu_temp_profile_argo.nc
  Loading insitu_temp_profile_argo.nc
  Loading insitu_temp_profile_argo.nc
  Loading insitu_temp_profile_argo.nc
  Loading insitu_temp_profile_argo.nc
  Loading insitu_temp_profile_argo.nc
  Loading insitu_temp_profile_argo.nc
  Loading insitu_temp_profile_argo.nc
  Loading insitu_temp_profile_argo.nc
  Loading insitu_temp_profile_argo.nc
  Loading insitu_temp_profile_argo.nc
  Loading insitu_temp_profile_argo.nc
  Loading insitu_temp_profile_argo.nc
  Loading insitu_temp_profile_argo.nc
  Loading insitu_temp_profile_argo.nc
  Loading insitu_temp_profile_argo.nc
  Loading insitu_temp_profile_argo.nc
  Loading insitu_temp_profile_argo.nc
  Loading insitu_temp_profile_argo.nc
  Loading insitu_temp_profile_argo.nc
  Loading insitu_temp_profile_argo.nc
  Loading insitu_temp_profile_argo.nc
  Loading insitu_temp_profile_argo.nc
  Loading insitu_temp_profile_argo.nc
  Loading insitu_temp_profile_argo.nc
  Loading insitu_temp_profile_argo.nc
  Loading insitu_temp_profile_argo.nc
  Loading insitu_temp_profile_argo.nc
  Loading insitu_temp_profile_argo.nc
  Loading insitu_temp_profile_argo.nc
  Loading insitu_temp_profile_argo.nc
  Loading insitu_temp_profile_argo.nc
  Loading insitu_temp_profile_argo.nc
  Loading insitu_temp_profile_argo.nc
  Loading insitu_temp_profile_argo.nc
  Loading insitu_temp_profile_argo.nc
  Loading insitu_temp_profile_argo.nc
  Loading insitu_temp_profile_argo.nc
  Loading insitu_temp_profile_argo.nc
  Loading insitu_temp_profile_argo.nc
  Loading insitu_temp_profile_argo.nc
  Loading insitu_temp_profile_argo.nc
  Loading insitu_temp_profile_argo.nc
  Loading insitu_temp_profile_argo.nc
  Loading insitu_temp_profile_argo.nc
  Loading insitu_temp_profile_argo.nc
  Loading insitu_temp_profile_argo.nc
  Loading insitu_temp_profile_argo.nc
  Loading insitu_temp_profile_argo.nc
  Loading insitu_temp_profile_argo.nc
  Loading insitu_temp_profile_argo.nc
  Loading insitu_temp_profile_argo.nc
  Loading insitu_temp_profile_argo.nc
  Loading insitu_temp_profile_argo.nc
  Loading insitu_temp_profile_argo.nc
  Loading insitu_temp_profile_argo.nc
  Loading insitu_temp_profile_argo.nc
  Loading insitu_temp_profile_argo.nc
  Loading insitu_temp_profile_argo.nc
  Loading insitu_temp_profile_argo.nc
  Loading insitu_temp_profile_argo.nc
  Loading insitu_temp_profile_argo.nc
  Loading insitu_temp_profile_argo.nc
  Loading insitu_temp_profile_argo.nc
  Loading insitu_temp_profile_argo.nc
  Loading insitu_temp_profile_argo.nc
  Loading insitu_temp_profile_argo.nc
  Loading insitu_temp_profile_argo.nc
  Loading insitu_temp_profile_argo.nc
  Loading insitu_temp_profile_argo.nc
  Loading insitu_temp_profile_argo.nc
  Loading insitu_temp_profile_argo.nc
  Loading insitu_temp_profile_argo.nc
  Loading insitu_temp_profile_argo.nc
  Loading insitu_temp_profile_argo.nc
  Loading insitu_temp_profile_argo.nc
  Loading insitu_temp_profile_argo.nc
  Loading insitu_temp_profile_argo.nc
  Loading insitu_temp_profile_argo.nc
  Loading insitu_temp_profile_argo.nc
  Loading insitu_temp_profile_argo.nc
  Loading insitu_temp_profile_argo.nc
  Loading insitu_temp_profile_argo.nc
  Loading insitu_temp_profile_argo.nc
  Loading insitu_temp_profile_argo.nc
  Loading insitu_temp_profile_argo.nc
  Loading insitu_temp_profile_argo.nc
  Loading insitu_temp_profile_argo.nc
  Loading insitu_temp_profile_argo.nc
  Loading insitu_temp_profile_argo.nc
  Loading insitu_temp_profile_argo.nc
  Loading insitu_temp_profile_argo.nc
  Loading insitu_temp_profile_argo.nc
  Loading insitu_temp_profile_argo.nc
  Loading insitu_temp_profile_argo.nc
  Loading insitu_temp_profile_argo.nc
  Loading insitu_temp_profile_argo.nc
  Loading insitu_temp_profile_argo.nc
  Loading insitu_temp_profile_argo.nc
  Loading insitu_temp_profile_argo.nc
  Loading insitu_temp_profile_argo.nc
  Loading insitu_temp_profile_argo.nc
  Loading insitu_temp_profile_argo.nc
  Loading insitu_temp_profile_argo.nc
  Loading insitu_temp_profile_argo.nc
  Loading insitu_temp_profile_argo.nc
  Loading insitu_temp_profile_argo.nc
  Loading insitu_temp_profile_argo.nc
  Loading insitu_temp_profile_argo.nc
  Loading insitu_temp_profile_argo.nc
  Loading insitu_temp_profile_argo.nc
  Loading insitu_temp_profile_argo.nc
  Loading insitu_temp_profile_argo.nc
  Loading insitu_temp_profile_argo.nc
  Loading insitu_temp_profile_argo.nc
  Loading insitu_temp_profile_argo.nc
  Loading insitu_temp_profile_argo.nc
  Loading insitu_temp_profile_argo.nc
  Loading insitu_temp_profile_argo.nc
  Loading insitu_temp_profile_argo.nc
  Loading insitu_temp_profile_argo.nc
  Loading insitu_temp_profile_argo.nc
  Loading insitu_temp_profile_argo.nc
  Loading insitu_temp_profile_argo.nc
  Loading insitu_temp_profile_argo.nc
  Loading insitu_temp_profile_argo.nc
  Loading insitu_temp_profile_argo.nc
  Loading insitu_temp_profile_argo.nc
  Loading insitu_temp_profile_argo.nc
  Loading insitu_temp_profile_argo.nc
  Loading insitu_temp_profile_argo.nc
  Loading insitu_temp_profile_argo.nc
  Loading insitu_temp_profile_argo.nc
  Loading insitu_temp_profile_argo.nc
  Loading insitu_temp_profile_argo.nc
  Loading insitu_temp_profile_argo.nc
  Loading insitu_temp_profile_argo.nc
  Loading insitu_temp_profile_argo.nc
  Loading insitu_temp_profile_argo.nc

Total observations: 70,033,818
Depth range: 0.0 – 6000.0 m

  Global: 70,033,818 observations
  Saved cp4_argo_temp/global/argo_temp_ombg_density_20260214_20260416.png
  Saved cp4_argo_temp/global/argo_temp_profile_20260214_20260416.png
  Saved cp4_argo_temp/global/argo_temp_oman_density_20260214_20260416.png

  Atlantic: 18,257,764 observations
  Saved cp4_argo_temp/atlantic/argo_temp_ombg_density_20260214_20260416.png
  Saved cp4_argo_temp/atlantic/argo_temp_profile_20260214_20260416.png
  Saved cp4_argo_temp/atlantic/argo_temp_oman_density_20260214_20260416.png

  Pacific: 31,168,759 observations
  Saved cp4_argo_temp/pacific/argo_temp_ombg_density_20260214_20260416.png
  Saved cp4_argo_temp/pacific/argo_temp_profile_20260214_20260416.png
  Saved cp4_argo_temp/pacific/argo_temp_oman_density_20260214_20260416.png

  Indian: 6,545,517 observations
  Saved cp4_argo_temp/indian/argo_temp_ombg_density_20260214_20260416.png
  Saved cp4_argo_temp/indian/argo_temp_profile_20260214_20260416.png
  Saved cp4_argo_temp/indian/argo_temp_oman_density_20260214_20260416.png

  Arctic: 18,047 observations
  Saved cp4_argo_temp/arctic/argo_temp_ombg_density_20260214_20260416.png
  Saved cp4_argo_temp/arctic/argo_temp_profile_20260214_20260416.png
  Saved cp4_argo_temp/arctic/argo_temp_oman_density_20260214_20260416.png

  Southern: 13,928,655 observations
  Saved cp4_argo_temp/southern/argo_temp_ombg_density_20260214_20260416.png
  Saved cp4_argo_temp/southern/argo_temp_profile_20260214_20260416.png
  Saved cp4_argo_temp/southern/argo_temp_oman_density_20260214_20260416.png
  Saved cp4_argo_temp/global/argo_temp_ombg_map_mean_0_10_20260214_20260416.png
  Saved cp4_argo_temp/global/argo_temp_ombg_map_rmse_0_10_20260214_20260416.png
  Saved cp4_argo_temp/global/argo_temp_oman_map_mean_0_10_20260214_20260416.png
  Saved cp4_argo_temp/global/argo_temp_oman_map_rmse_0_10_20260214_20260416.png
  Saved cp4_argo_temp/global/argo_temp_ombg_map_mean_0_300_20260214_20260416.png
  Saved cp4_argo_temp/global/argo_temp_ombg_map_rmse_0_300_20260214_20260416.png
  Saved cp4_argo_temp/global/argo_temp_oman_map_mean_0_300_20260214_20260416.png
  Saved cp4_argo_temp/global/argo_temp_oman_map_rmse_0_300_20260214_20260416.png
  Saved cp4_argo_temp/global/argo_temp_ombg_map_mean_300_2000_20260214_20260416.png
  Saved cp4_argo_temp/global/argo_temp_ombg_map_rmse_300_2000_20260214_20260416.png
  Saved cp4_argo_temp/global/argo_temp_oman_map_mean_300_2000_20260214_20260416.png
  Saved cp4_argo_temp/global/argo_temp_oman_map_rmse_300_2000_20260214_20260416.png

Done.
